A09AA	Enzyme preparations
C07FB	Beta blocking agents and calcium channel blockers
A09AB	Acid preparations
L01AX	Other alkylating agents
C05BA	Heparins or heparinoids for topical use
A09AC	Enzyme and acid preparations, combinations
J05AA	Thiosemicarbazones
L01BB	Purine analogues
L01BA	Folic acid analogues
L01BC	Pyrimidine analogues
R05DA	Opium alkaloids and derivatives
C05BB	Sclerosing agents for local injection
R05DB	Other cough suppressants
S01AE	Fluoroquinolones
D03BA	Proteolytic enzymes
J05AP	Antivirals for treatment of HCV infections
J05AC	Cyclic amines
C05BX	Other sclerosing agents
J05AB	Nucleosides and nucleotides excl. reverse transcriptase inhibitors
J05AE	Protease inhibitors
C07FX	Beta blocking agents, other combinations
J05AD	Phosphonic acid derivatives
S02CA	Corticosteroids and antiinfectives in combination
S01AA	Antibiotics
J05AG	Non-nucleoside reverse transcriptase inhibitors
S01AB	Sulfonamides
J05AF	Nucleoside and nucleotide reverse transcriptase inhibitors
S01AD	Antivirals
J05AH	Neuraminidase inhibitors
C05CA	Bioflavonoids
C04AA	2-amino-1-phenylethanol derivatives
J01XX	Other antibacterials
R03AK	Adrenergics in combination with corticosteroids or other drugs, excl. anticholinergics
L01CC	Colchicine derivatives
L01CB	Podophyllotoxin derivatives
C04AF	Enzymes
L01CD	Taxanes
C04AD	Purine derivatives
R03AB	Non-selective beta-adrenoreceptor agonists
C04AE	Ergot alkaloids
R03AC	Selective beta-2-adrenoreceptor agonists
L01CA	Vinca alkaloids and analogues
C04AB	Imidazoline derivatives
C04AC	Nicotinic acid and derivatives
R03AA	Alpha- and beta-adrenoreceptor agonists
C04AX	Other peripheral vasodilators
J06BC	Other immunoglobulins
J06BB	Specific immunoglobulins
C05CX	Other capillary stabilizing agents
S02BA	Corticosteroids
D02AE	Carbamide products
A08AB	Peripherally acting antiobesity products
C07DA	Beta blocking agents, non-selective, thiazides and other diuretics
A08AA	Centrally acting antiobesity products
J04AB	Antibiotics
J04AA	Aminosalicylic acid and derivatives
B06AX	Other hematological agents
L02BA	Anti-estrogens
L02BB	Anti-androgens
R03BC	Antiallergic agents, excl. corticosteroids
R03BA	Glucocorticoids
C07DB	Beta blocking agents, selective, thiazides and other diuretics
R03BB	Anticholinergics
B06AA	Enzymes
J04AK	Other drugs for treatment of tuberculosis
B06AB	Heme products
B06AC	Drugs used in hereditary angioedema
J04AM	Combinations of drugs for treatment of tuberculosis
L02BG	Aromatase inhibitors
J04AD	Thiocarbamide derivatives
J04AC	Hydrazides
S01CA	Corticosteroids and antiinfectives in combination
R03AL	Adrenergics in combination with anticholinergics incl. triple combinations with corticosteroids
S01CB	Corticosteroids/antiinfectives/mydriatics in combination
S01CC	Antiinflammatory agents, non-steroids and antiinfectives in combination
L02BX	Other hormone antagonists and related agents
S01AX	Other antiinfectives
C08GA	Calcium channel blockers and diuretics
L01AA	Nitrogen mustard analogues
J05AR	Antivirals for treatment of HIV infections, combinations
R03CA	Alpha- and beta-adrenoreceptor agonists
D03AX	Other cicatrizants
C05AE	Muscle relaxants
L01AC	Ethylene imines
L01AB	Alkyl sulfonates
R02AD	Anesthetics, local
C05AD	Local anesthetics
C05AA	Corticosteroids
R03CB	Non-selective beta-adrenoreceptor agonists
R02AA	Antiseptics
R02AB	Antibiotics
J05AX	Other antivirals
R03CC	Selective beta-2-adrenoreceptor agonists
R03BX	Other drugs for obstructive airway diseases, inhalants
L01AD	Nitrosoureas
L01AG	Epoxides
C05AX	Other agents for treatment of hemorrhoids and anal fissures for topical use
S02DA	Analgesics and anesthetics
S01BA	Corticosteroids, plain
S01BB	Corticosteroids and mydriatics in combination
S01BC	Antiinflammatory agents, non-steroids
C08CX	Other selective calcium channel blockers with mainly vascular effects
C07BG	Alpha and beta blocking agents and thiazides
C07BB	Beta blocking agents, selective, and thiazides
C08DA	Phenylalkylamine derivatives
C08DB	Benzothiazepine derivatives
C07BA	Beta blocking agents, non-selective, and thiazides
D05AX	Other antipsoriatics for topical use
R06AX	Other antihistamines for systemic use
D05BA	Psoralens for systemic use
D05BB	Retinoids for treatment of psoriasis
S03AA	Antiinfectives
C08EA	Phenylalkylamine derivatives
J04BA	Drugs for treatment of lepra
C07CG	Alpha and beta blocking agents and other diuretics
D04AX	Other antipruritics
C07CA	Beta blocking agents, non-selective, and other diuretics
C07CB	Beta blocking agents, selective, and other diuretics
C08EX	Other non-selective calcium channel blockers
D04AA	Antihistamines for topical use
D04AB	Anesthetics for topical use
B05XX	Other i.v. solution additives
J02AB	Imidazole derivatives
J02AA	Antibiotics
J02AC	Triazole derivatives
L01CX	Other plant alkaloids and natural products
L01DC	Other cytotoxic antibiotics
C09DB	Angiotensin II receptor blockers (ARBs) and calcium channel blockers
V09XX	Various diagnostic radiopharmaceuticals
L01DB	Anthracyclines and related substances
C09DA	Angiotensin II receptor blockers (ARBs) and diuretics
L01DA	Actinomycines
D06AX	Other antibiotics for topical use
B03XA	Other antianemic preparations
V10BX	Various pain palliation radiopharmaceuticals
V09XA	Iodine (131I) compounds
S03CA	Corticosteroids and antiinfectives in combination
D06BA	Sulfonamides
S02AA	Antiinfectives
D06BB	Antivirals
C09DX	Angiotensin II receptor blockers (ARBs), other combinations
R05CB	Mucolytics
C07AA	Beta blocking agents, non-selective
C07AB	Beta blocking agents, selective
C08CA	Dihydropyridine derivatives
R05CA	Expectorants
N07XX	Other nervous system drugs
D06BX	Other chemotherapeutics
C07AG	Alpha and beta blocking agents
D05AD	Psoralens for topical use
G03HB	Antiandrogens and estrogens
G03HA	Antiandrogens, plain
S03BA	Corticosteroids
D05AC	Antracen derivatives
V09EX	Other respiratory system diagnostic radiopharmaceuticals
V08CX	Other magnetic resonance imaging contrast media
J01AA	Tetracyclines
V08DA	Ultrasound contrast media
C09BB	ACE inhibitors and calcium channel blockers
C09BA	ACE inhibitors and diuretics
A11GA	Ascorbic acid (vitamin C), plain
A11GB	Ascorbic acid (vitamin C), combinations
D07BC	Corticosteroids, potent, combinations with antiseptics
G03GB	Ovulation stimulants, synthetic
G03GA	Gonadotropins
D07BA	Corticosteroids, weak, combinations with antiseptics
D07BB	Corticosteroids, moderately potent, combinations with antiseptics
H05AA	Parathyroid hormones and analogues
V09FX	Various thyroid diagnostic radiopharmaceuticals
C09BX	ACE inhibitors, other combinations
S01HA	Local anesthetics
C03XA	Vasopressin antagonists
J02AX	Other antimycotics for systemic use
V09GA	Technetium (99mTc) compounds
C09CA	Angiotensin II receptor blockers (ARBs), plain
S01GX	Other antiallergics
D07CD	Corticosteroids, very potent, combinations with antibiotics
G03FB	Progestogens and estrogens, sequential preparations
G03FA	Progestogens and estrogens, fixed combinations
D07CA	Corticosteroids, weak, combinations with antibiotics
D07CB	Corticosteroids, moderately potent, combinations with antibiotics
D06AA	Tetracycline and derivatives
D07CC	Corticosteroids, potent, combinations with antibiotics
J01CA	Penicillins with extended spectrum
G01AX	Other antiinfectives and antiseptics
H05BA	Calcitonin preparations
G02CX	Other gynecologicals
S01KA	Viscoelastic substances
J01CE	Beta-lactamase sensitive penicillins
J01CG	Beta-lactamase inhibitors
V09CX	Other renal system diagnostic radiopharmaceuticals
J01CF	Beta-lactamase resistant penicillins
B05XA	Electrolyte solutions
B05XB	Amino acids
V09DA	Technetium (99mTc) compounds
G03EK	Androgens and female sex hormones in combination with other drugs
V09DB	Technetium (99mTc), particles and colloids
V08BA	Barium sulfate containing X-ray contrast media
G01AG	Triazole derivatives
G01AF	Imidazole derivatives
V08AC	Watersoluble, hepatotropic X-ray contrast media
G01AE	Sulfonamides
J01CR	Combinations of penicillins, incl. beta-lactamase inhibitors
V08AD	Non-watersoluble X-ray contrast media
G01AD	Organic acids
G01AC	Quinoline derivatives
G02CC	Antiinflammatory products for vaginal administration
G01AB	Arsenic compounds
G02CB	Prolactine inhibitors
G01AA	Antibiotics
D08AX	Other antiseptics and disinfectants
G02CA	Sympathomimetics, labour repressants
G03EA	Androgens and estrogens
A07XA	Other antidiarrheals
H04AA	Glycogenolytic hormones
J01BA	Amphenicols
S01JA	Colouring agents
C09AA	ACE inhibitors, plain
V08CA	Paramagnetic contrast media
H05BX	Other anti-parathyroid agents
V08CB	Superparamagnetic contrast media
A11HA	Other plain vitamin preparations
G03DC	Estren derivatives
G02BB	Intravaginal contraceptives
G03DB	Pregnadien derivatives
D07AB	Corticosteroids, moderately potent (group II)
G03DA	Pregnen (4) derivatives
D07AC	Corticosteroids, potent (group III)
D07AD	Corticosteroids, very potent (group IV)
D07AA	Corticosteroids, weak (group I)
J01EC	Intermediate-acting sulfonamides
G03CX	Other estrogens
J01EB	Short-acting sulfonamides
J01EE	Combinations of sulfonamides and trimethoprim, incl. derivatives
J01ED	Long-acting sulfonamides
V09AX	Other central nervous system diagnostic radiopharmaceuticals
R03DA	Xanthines
R03DB	Xanthines and adrenergics
V09BA	Technetium (99mTc) compounds
J01EA	Trimethoprim and derivatives
R03DC	Leukotriene receptor antagonists
R02AX	Other throat preparations
N07CA	Antivertigo preparations
V09AB	Iodine (123I) compounds
G02AD	Prostaglandins
G02AC	Ergot alkaloids and oxytocin incl. analogues, in combination
N06AB	Selective serotonin reuptake inhibitors
P03BX	Other insecticides and repellents
A11CA	Vitamin A, plain
G03CC	Estrogens, combinations with other drugs
N06AA	Non-selective monoamine reuptake inhibitors
G02AB	Ergot alkaloids
G03CB	Synthetic estrogens, plain
G03CA	Natural and semisynthetic estrogens, plain
S01EA	Sympathomimetics in glaucoma therapy
N06AF	Monoamine oxidase inhibitors, non-selective
S01EB	Parasympathomimetics
S01EC	Carbonic anhydrase inhibitors
S01ED	Beta blocking agents
N06AG	Monoamine oxidase A inhibitors
S01EE	Prostaglandin analogues
M09AX	Other drugs for disorders of the musculo-skeletal system
J01DB	First-generation cephalosporins
D08AJ	Quaternary ammonium compounds
J01DD	Third-generation cephalosporins
D08AK	Mercurial products
J01DC	Second-generation cephalosporins
D08AL	Silver compounds
J01DF	Monobactams
D08AE	Phenol and derivatives
D08AF	Nitrofuran derivatives
J01DE	Fourth-generation cephalosporins
H03AA	Thyroid hormones
J01DH	Carbapenems
D08AG	Iodine products
D08AH	Quinoline derivatives
A12CD	Fluoride
R01AA	Sympathomimetics, plain
A12CC	Magnesium
A12CB	Zinc
A11AA	Multivitamins with minerals
A12CA	Sodium
R01AD	Corticosteroids
V08AA	Watersoluble, nephrotropic, high osmolar X-ray contrast media
N07AX	Other parasympathomimetics
V08AB	Watersoluble, nephrotropic, low osmolar X-ray contrast media
R01AB	Sympathomimetics, combinations excl. corticosteroids
R01AC	Antiallergic agents, excl. corticosteroids
A12CE	Selenium
P03BA	Pyrethrines
R03DX	Other systemic drugs for obstructive airway diseases
N07BB	Drugs used in alcohol dependence
N07BA	Drugs used in nicotine dependence
G03BB	5-androstanon (3) derivatives
G03BA	3-oxoandrosten (4) derivatives
N07BC	Drugs used in opioid dependence
P03AX	Other ectoparasiticides, incl. scabicides
D08AA	Acridine derivatives
J01DI	Other cephalosporins and penems
D08AC	Biguanides and amidines
G04CX	Other drugs used in benign prostatic hypertrophy
H03BC	Perchlorates
A10BJ	Glucagon-like peptide-1 (GLP-1) analogues
A10BK	Sodium-glucose co-transporter 2 (SGLT2) inhibitors
S01GA	Sympathomimetics used as decongestants
H03BB	Sulfur-containing imidazole derivatives
H03BA	Thiouracils
A10BD	Combinations of oral blood glucose lowering drugs
R01BA	Sympathomimetics
P03AC	Pyrethrines, incl. synthetic compounds
P03AB	Chlorine containing products
A10BB	Sulfonylureas
A10BC	Sulfonamides (heterocyclic)
A10BH	Dipeptidyl peptidase 4 (DPP-4) inhibitors
J01GA	Streptomycins
A10BF	Alpha glucosidase inhibitors
P03AA	Sulfur containing products
A10BG	Thiazolidinediones
J01GB	Other aminoglycosides
R01AX	Other nasal preparations
G03AD	Emergency contraceptives
G03AC	Progestogens
G03AB	Progestogens and estrogens, sequential preparations
N07AA	Anticholinesterases
G03AA	Progestogens and estrogens, fixed combinations
G04CB	Testosterone-5-alpha reductase inhibitors
G04CA	Alpha-adrenoreceptor antagonists
N07AB	Choline esters
A10BX	Other blood glucose lowering drugs, excl. insulins
G04BX	Other urologicals
J01FF	Lincosamides
M09AB	Enzymes
M09AA	Quinine and derivatives
J01FG	Streptogramins
H02AB	Glucocorticoids
S01FA	Anticholinergics
H02AA	Mineralocorticoids
A10AC	Insulins and analogues for injection, intermediate-acting
A10AD	Insulins and analogues for injection, intermediate- or long-acting combined with fast-acting
A10AB	Insulins and analogues for injection, fast-acting
A11CC	Vitamin D and analogues
H03BX	Other antithyroid preparations
V09AA	Technetium (99mTc) compounds
A10AE	Insulins and analogues for injection, long-acting
A10AF	Insulins and analogues for inhalation
J01FA	Macrolides
S01EX	Other antiglaucoma preparations
G04BE	Drugs used in erectile dysfunction
G04BD	Drugs for urinary frequency and incontinence
A11DA	Vitamin B1, plain
A10BA	Biguanides
G04BA	Acidifiers
S01FB	Sympathomimetics excl. antiglaucoma preparations
D09AA	Medicated dressings with antiinfectives
V03AZ	Nerve depressants
V03AX	Other therapeutic products
C02LL	MAO inhibitors and diuretics
C02LG	Hydrazinophthalazine derivatives and diuretics
N05BX	Other anxiolytics
A01AA	Caries prophylactic agents
A01AB	Antiinfectives and antiseptics for local oral treatment
N06DX	Other anti-dementia drugs
P01CC	Nitrofuran derivatives
P01CB	Antimony compounds
A01AC	Corticosteroids for local oral treatment
A01AD	Other agents for local oral treatment
P01CD	Arsenic compounds
N05CA	Barbiturates, plain
V04CK	Tests for pancreatic function
V03AH	Drugs for treatment of hypoglycemia
N04AB	Ethers chemically close to antihistamines
N05CC	Aldehydes and derivatives
P01CA	Nitroimidazole derivatives
N05CB	Barbiturates, combinations
N04AA	Tertiary amines
V04CJ	Tests for thyreoidea function
N05CE	Piperidinedione derivatives
V03AN	Medical gases
N05CD	Benzodiazepine derivatives
N04AC	Ethers of tropine or tropine derivatives
A03FA	Propulsives
V04CM	Tests for fertility disturbances
N05CF	Benzodiazepine related drugs
C02LX	Other antihypertensives and diuretics
N05CH	Melatonin receptor agonists
P01BX	Other antimalarials
P02DX	Other anticestodals
N05CM	Other hypnotics and sedatives
V04CX	Other diagnostic agents
H01AA	ACTH
H02CA	Anticorticosteroids
H01AC	Somatropin and somatropin agonists
H01AB	Thyrotropin
P01BF	Artemisinin and derivatives, combinations
A02BA	H2-receptor antagonists
A03DB	Belladonna and derivatives in combination with analgesics
A02BB	Prostaglandins
P01BE	Artemisinin and derivatives, plain
A03DA	Synthetic anticholinergic agents in combination with analgesics
N05AX	Other antipsychotics
P01BB	Biguanides
P01BA	Aminoquinolines
H02BX	Corticosteroids for systemic use, combinations
P01BD	Diaminopyrimidines
A02BC	Proton pump inhibitors
A02BD	Combinations for eradication of Helicobacter pylori
P01BC	Methanolquinolines
N06DA	Anticholinesterases
N05BB	Diphenylmethane derivatives
P02DA	Salicylic acid derivatives
N05BA	Benzodiazepine derivatives
A02BX	Other drugs for peptic ulcer and gastro-oesophageal reflux disease (GORD)
N05BD	Dibenzo-bicyclo-octadiene derivatives
N05BC	Carbamates
P01AX	Other agents against amoebiasis and other protozoal diseases
N05BE	Azaspirodecanedione derivatives
P02CX	Other antinematodals
P01AR	Arsenic compounds
H01BB	Oxytocin and analogues
H01BA	Vasopressin and analogues
P02CF	Avermectines
P02CE	Imidazothiazole derivatives
A12BA	Potassium
N06BX	Other psychostimulants and nootropics
V10XA	Iodine (131I) compounds
P02CB	Piperazine and derivatives
P01AA	Hydroxyquinoline derivatives
H01AX	Other anterior pituitary lobe hormones and analogues
P02CA	Benzimidazole derivatives
P01AC	Dichloroacetamide derivatives
P01AB	Nitroimidazole derivatives
P02CC	Tetrahydropyrimidine derivatives
N05AA	Phenothiazines with aliphatic side-chain
N06CA	Antidepressants in combination with psycholeptics
N05AC	Phenothiazines with piperidine structure
N05AB	Phenothiazines with piperazine structure
P02BX	Other antitrematodal agents
N05AE	Indole derivatives
N05AD	Butyrophenone derivatives
N05AG	Diphenylbutylpiperidine derivatives
C02KD	Serotonin antagonists
N05AF	Thioxanthene derivatives
C02KB	Tyrosine hydroxylase inhibitors
N05AH	Diazepines, oxazepines, thiazepines and oxepines
C02KC	MAO inhibitors
N05AL	Benzamides
H01CC	Anti-gonadotropin-releasing hormones
H01CB	Somatostatin and analogues
V10XX	Various therapeutic radiopharmaceuticals
V03AB	Antidotes
V04CC	Tests for bile duct patency
V04CD	Tests for pituitary function
A12AA	Calcium
V03AC	Iron chelating agents
N06AX	Other antidepressants
H01CA	Gonadotropin-releasing hormones
V04CA	Tests for diabetes
V04CB	Tests for fat absorption
V03AF	Detoxifying agents for antineoplastic treatment
V04CG	Tests for gastric secretion
P02BA	Quinoline derivatives and related substances
V04CH	Tests for renal function and ureteral injuries
V03AG	Drugs for treatment of hypercalcemia
V04CE	Tests for liver functional capacity
V03AE	Drugs for treatment of hyperkalemia and hyperphosphatemia
P02BB	Organophosphorous compounds
N06BA	Centrally acting sympathomimetics
N06BC	Xanthine derivatives
C02KX	Antihypertensives for pulmonary arterial hypertension
C02LE	Alpha-adrenoreceptor antagonists and diuretics
C02LF	Guanidine derivatives and diuretics
C02LC	Imidazoline receptor agonists in combination with diuretics
C02LA	Rauwolfia alkaloids and diuretics in combination
M05BC	Bone morphogenetic proteins
M05BB	Bisphosphonates, combinations
M05BA	Bisphosphonates
B01AX	Other antithrombotic agents
C10AD	Nicotinic acid and derivatives
A03AE	Serotonin receptor antagonists
C10AC	Bile acid sequestrants
C10AB	Fibrates
C10AA	HMG CoA reductase inhibitors
J01MB	Other quinolones
V06DC	Carbohydrates
A03AC	Synthetic antispasmodics, amides with tertiary amines
A03AD	Papaverine and derivatives
A03AA	Synthetic anticholinergics, esters with tertiary amino group
A03AB	Synthetic anticholinergics, quaternary ammonium compounds
N02AB	Phenylpiperidine derivatives
B01AF	Direct factor Xa inhibitors
N02AA	Natural opium alkaloids
A03AX	Other drugs for functional gastrointestinal disorders
N02AD	Benzomorphan derivatives
N02AC	Diphenylpropylamine derivatives
N02AF	Morphinan derivatives
N02AE	Oripavine derivatives
N02AG	Opioids in combination with antispasmodics
N02AJ	Opioids in combination with non-opioid analgesics
B01AA	Vitamin K antagonists
B01AB	Heparin group
V09IX	Other diagnostic radiopharmaceuticals for tumour detection
B01AC	Platelet aggregation inhibitors excl. heparin
B01AD	Enzymes
C10AX	Other lipid modifying agents
B01AE	Direct thrombin inhibitors
D07XA	Corticosteroids, weak, other combinations
M04AC	Preparations with no effect on uric acid metabolism
D07XB	Corticosteroids, moderately potent, other combinations
S01LA	Antineovascularisation agents
M04AB	Preparations increasing uric acid excretion
M04AA	Preparations inhibiting uric acid production
D07XC	Corticosteroids, potent, other combinations
B02BX	Other systemic hemostatics
A10XA	Aldose reductase inhibitors
C10BA	HMG CoA reductase inhibitors in combination with other lipid modifying agents
N03AX	Other antiepileptics
S01KX	Other surgical aids
L01XB	Methylhydrazines
C09XA	Renin-inhibitors
L01XA	Platinum compounds
J01MA	Fluoroquinolones
M05BX	Other drugs affecting bone structure and mineralization
B02BA	Vitamin K
L01XD	Sensitizers used in photodynamic/radiation therapy
B02BB	Fibrinogen
L01XC	Monoclonal antibodies
B02BC	Local hemostatics
B02BD	Blood coagulation factors
C10BX	HMG CoA reductase inhibitors, other combinations
L01XE	Protein kinase inhibitors
A02AF	Antacids with antiflatulents
C01DB	Quinolone vasodilators
C01DA	Organic nitrates
A03CA	Synthetic anticholinergic agents in combination with psycholeptics
N04BX	Other dopaminergic agents
A03CB	Belladonna and derivatives in combination with psycholeptics
A02AA	Magnesium compounds
V09HA	Technetium (99mTc) compounds
A02AD	Combinations and complexes of aluminium, calcium and magnesium compounds
A02AB	Aluminium compounds
A02AC	Calcium compounds
N03AA	Barbiturates and derivatives
N03AC	Oxazolidine derivatives
N03AB	Hydantoin derivatives
N03AE	Benzodiazepine derivatives
N03AD	Succinimide derivatives
N03AG	Fatty acid derivatives
N03AF	Carboxamide derivatives
C01DX	Other vasodilators used in cardiac diseases
V09IA	Technetium (99mTc) compounds
C01EA	Prostaglandins
C01EB	Other cardiac preparations
N05CX	Hypnotics and sedatives in combination, excl. barbiturates
A03BA	Belladonna alkaloids, tertiary amines
V09IB	Indium (111In) compounds
A03BB	Belladonna alkaloids, semisynthetic, quaternary ammonium compounds
A14AB	Estren derivatives
A14AA	Androstan derivatives
N04BA	Dopa and dopa derivatives
N04BC	Dopamine agonists
N04BB	Adamantane derivatives
N04BD	Monoamine oxidase B inhibitors
G03XX	Other sex hormones and modulators of the genital system
P01CX	Other agents against leishmaniasis and trypanosomiasis
C01BD	Antiarrhythmics, class III
C01BB	Antiarrhythmics, class Ib
C02DC	Pyrimidine derivatives
M03BC	Ethers, chemically close to antihistamines
C02DD	Nitroferricyanide derivatives
M03BB	Oxazol, thiazine, and triazine derivatives
C01BC	Antiarrhythmics, class Ic
N01BX	Other local anesthetics
C02DA	Thiazide derivatives
C01BA	Antiarrhythmics, class Ia
C02DB	Hydrazinophthalazine derivatives
V10AA	Yttrium (90Y) compounds
G03XC	Selective estrogen receptor modulators
G03XB	Progesterone receptor modulators
A07EC	Aminosalicylic acid and similar agents
G03XA	Antigonadotropins and similar agents
A05AA	Bile acids and derivatives
A05AB	Preparations for biliary tract therapy
A07EA	Corticosteroids acting locally
C02DG	Guanidine derivatives
D10AX	Other anti-acne preparations for topical use
C01BG	Other antiarrhythmics, class I and III
A07EB	Antiallergic agents, excl. corticosteroids
B03AD	Iron in combination with folic acid
B03AE	Iron in other combinations
D10AB	Preparations containing sulfur
D10AE	Peroxides
D10AD	Retinoids for topical use in acne
J01RA	Combinations of antibacterials
M03AX	Other muscle relaxants, peripherally acting agents
D10AA	Corticosteroids, combinations for treatment of acne
A05AX	Other drugs for bile therapy
M03BA	Carbamic acid esters
D10AF	Antiinfectives for treatment of acne
B03AA	Iron bivalent, oral preparations
B03AB	Iron trivalent, oral preparations
C01CE	Phosphodiesterase inhibitors
R07AB	Respiratory stimulants
M02AB	Capsaicin and similar agents
R07AA	Lung surfactants
C01CA	Adrenergic and dopaminergic agents
N02CX	Other antimigraine preparations
N01AX	Other general anesthetics
N01BB	Amides
A07DA	Antipropulsives
N01BA	Esters of aminobenzoic acid
N01BC	Esters of benzoic acid
L04AB	Tumor necrosis factor alpha (TNF-α) inhibitors
L04AA	Selective immunosuppressants
M03BX	Other centrally acting agents
L04AD	Calcineurin inhibitors
L04AC	Interleukin inhibitors
D10BA	Retinoids for treatment of acne
M02AA	Antiinflammatory preparations, non-steroids for topical use
M03CA	Dantrolene and derivatives
V10AX	Other antiinflammatory therapeutic radiopharmaceuticals
C01CX	Other cardiac stimulants
C03DB	Other potassium-sparing agents
A04AD	Other antiemetics
C02BA	Sulfonium derivatives
C02BB	Secondary and tertiary amines
C03DA	Aldosterone antagonists
L01XX	Other antineoplastic agents
R07AX	Other respiratory system products
L01XY	Combinations of antineoplastic agents
D11AX	Other dermatologicals
N01AA	Ethers
N02CB	Corticosteroid derivatives
N02CA	Ergot alkaloids
A04AA	Serotonin (5HT3) antagonists
N02CD	Calcitonin gene-related peptide (CGRP) antagonists
N02CC	Selective serotonin (5HT1) agonists
N01AB	Halogenated hydrocarbons
D11AA	Antihidrotics
D11AC	Medicated shampoos
N01AG	Barbiturates in combination with other drugs
N01AF	Barbiturates, plain
N01AH	Opioid anesthetics
M04AX	Other antigout preparations
B02AA	Amino acids
B02AB	Proteinase inhibitors
D11AE	Androgens for topical use
D11AH	Agents for dermatitis, excluding corticosteroids
R06AC	Substituted ethylene diamines
C01AC	Strophanthus glycosides
R06AD	Phenothiazine derivatives
M03AC	Other quaternary ammonium compounds
M03AB	Choline derivatives
R06AA	Aminoalkyl ethers
C01AA	Digitalis glycosides
C02CC	Guanidine derivatives
R06AB	Substituted alkylamines
M03AA	Curare alkaloids
C01AB	Scilla glycosides
C03EA	Low-ceiling diuretics and potassium-sparing agents
C02CA	Alpha-adrenoreceptor antagonists
C03EB	High-ceiling diuretics and potassium-sparing agents
N02AX	Other opioids
R06AE	Piperazine derivatives
A16AB	Enzymes
A16AA	Amino acids and derivatives
N02BA	Salicylic acid and derivatives
A05BA	Liver therapy
N02BB	Pyrazolones
N02BE	Anilides
N02BG	Other analgesics and antipyretics
A16AX	Various alimentary tract and metabolism products
B03BA	Vitamin B12 (cyanocobalamin and analogues)
B03BB	Folic acid and derivatives
C01AX	Other cardiac glycosides
C03BB	Sulfonamides and potassium in combination
A07AC	Imidazole derivatives
C03BC	Mercurial diuretics
A07AA	Antibiotics
L03AX	Other immunostimulants
C03BA	Sulfonamides, plain
A07AB	Sulfonamides
C03BD	Xanthine derivatives
D01BA	Antifungals for systemic use
J07AM	Tetanus vaccines
A07AX	Other intestinal antiinfectives
M01AX	Other antiinflammatory and antirheumatic agents, non-steroids
C03BX	Other low-ceiling diuretics
M01BA	Antiinflammatory/antirheumatic agents in combination with corticosteroids
B05AA	Blood substitutes and plasma protein fractions
J07AF	Diphtheria vaccines
C03CC	Aryloxyacetic acid derivatives
C02AC	Imidazoline receptor agonists
C03CD	Pyrazolone derivatives
C03CA	Sulfonamides, plain
C02AA	Rauwolfia alkaloids
C03CB	Sulfonamides and potassium in combination
L02AB	Progestogens
A08AX	Other antiobesity drugs
L02AA	Estrogens
L02AE	Gonadotropin releasing hormone analogues
M01CC	Penicillamine and similar agents
M01CB	Gold preparations
M01CA	Quinolines
A06AD	Osmotically acting laxatives
L04AX	Other immunosuppressants
A06AB	Contact laxatives
A06AC	Bulk-forming laxatives
B05CX	Other irrigating solutions
A06AH	Peripheral opioid receptor antagonists
A06AG	Enemas
A06AA	Softeners, emollients
J01XE	Nitrofuran derivatives
D02BA	Protectives against UV-radiation for topical use
D02BB	Protectives against UV-radiation for systemic use
A06AX	Other drugs for constipation
S01XA	Other ophthalmologicals
M02AX	Other topical products for joint and muscular pain
J06AA	Immune sera
J01XB	Polymyxins
B05CA	Antiinfectives
J01XA	Glycopeptide antibacterials
J01XD	Imidazole derivatives
B05CB	Salt solutions
J01XC	Steroid antibacterials
C03AA	Thiazides, plain
C03AB	Thiazides and potassium in combination
M01AE	Propionic acid derivatives
M01AC	Oxicams
A07BC	Other intestinal adsorbents
V01AA	Allergen extracts
M01AH	Coxibs
M01AG	Fenamates
L03AA	Colony stimulating factors
C03AH	Thiazides, combinations with psycholeptics and/or analgesics
A07BA	Charcoal preparations
B05BC	Solutions producing osmotic diuresis
J07BJ	Rubella vaccines
D01AA	Antibiotics
J07BL	Yellow fever vaccines
D01AC	Imidazole and triazole derivatives
L03AC	Interleukins
L03AB	Interferons
C03AX	Thiazides, combinations with other drugs
M01AB	Acetic acid derivatives and related substances
D01AE	Other antifungals for topical use
M01AA	Butylpyrazolidines
B05BA	Solutions for parenteral nutrition
J07BH	Rota virus diarrhea vaccines
B05BB	Solutions affecting the electrolyte balance
