A01	STOMATOLOGICAL PREPARATIONS
A02	DRUGS FOR ACID RELATED DISORDERS
C02	ANTIHYPERTENSIVES
A03	DRUGS FOR FUNCTIONAL GASTROINTESTINAL DISORDERS
C01	CARDIAC THERAPY
A04	ANTIEMETICS AND ANTINAUSEANTS
A05	BILE AND LIVER THERAPY
C04	PERIPHERAL VASODILATORS
C03	DIURETICS
A06	DRUGS FOR CONSTIPATION
G02	OTHER GYNECOLOGICALS
A07	ANTIDIARRHEALS, INTESTINAL ANTIINFLAMMATORY/ANTIINFECTIVE AGENTS
G01	GYNECOLOGICAL ANTIINFECTIVES AND ANTISEPTICS
A08	ANTIOBESITY PREPARATIONS, EXCL. DIET PRODUCTS
C05	VASOPROTECTIVES
A09	DIGESTIVES, INCL. ENZYMES
G04	UROLOGICALS
C08	CALCIUM CHANNEL BLOCKERS
G03	SEX HORMONES AND MODULATORS OF THE GENITAL SYSTEM
C07	BETA BLOCKING AGENTS
C09	AGENTS ACTING ON THE RENIN-ANGIOTENSIN SYSTEM
M02	TOPICAL PRODUCTS FOR JOINT AND MUSCULAR PAIN
M01	ANTIINFLAMMATORY AND ANTIRHEUMATIC PRODUCTS
M04	ANTIGOUT PREPARATIONS
M03	MUSCLE RELAXANTS
M05	DRUGS FOR TREATMENT OF BONE DISEASES
S02	OTOLOGICALS
S01	OPHTHALMOLOGICALS
M09	OTHER DRUGS FOR DISORDERS OF THE MUSCULO-SKELETAL SYSTEM
S03	OPHTHALMOLOGICAL AND OTOLOGICAL PREPARATIONS
A10	DRUGS USED IN DIABETES
A11	VITAMINS
A12	MINERAL SUPPLEMENTS
C10	LIPID MODIFYING AGENTS
A14	ANABOLIC AGENTS FOR SYSTEMIC USE
A16	OTHER ALIMENTARY TRACT AND METABOLISM PRODUCTS
B01	ANTITHROMBOTIC AGENTS
B02	ANTIHEMORRHAGICS
D01	ANTIFUNGALS FOR DERMATOLOGICAL USE
B03	ANTIANEMIC PREPARATIONS
D03	PREPARATIONS FOR TREATMENT OF WOUNDS AND ULCERS
B05	BLOOD SUBSTITUTES AND PERFUSION SOLUTIONS
D02	EMOLLIENTS AND PROTECTIVES
H01	PITUITARY AND HYPOTHALAMIC HORMONES AND ANALOGUES
B06	OTHER HEMATOLOGICAL AGENTS
D05	ANTIPSORIATICS
D04	ANTIPRURITICS, INCL. ANTIHISTAMINES, ANESTHETICS, ETC.
J01	ANTIBACTERIALS FOR SYSTEMIC USE
D07	CORTICOSTEROIDS, DERMATOLOGICAL PREPARATIONS
H03	THYROID THERAPY
D06	ANTIBIOTICS AND CHEMOTHERAPEUTICS FOR DERMATOLOGICAL USE
H02	CORTICOSTEROIDS FOR SYSTEMIC USE
L01	ANTINEOPLASTIC AGENTS
H05	CALCIUM HOMEOSTASIS
D09	MEDICATED DRESSINGS
H04	PANCREATIC HORMONES
J02	ANTIMYCOTICS FOR SYSTEMIC USE
D08	ANTISEPTICS AND DISINFECTANTS
L03	IMMUNOSTIMULANTS
J05	ANTIVIRALS FOR SYSTEMIC USE
N01	ANESTHETICS
L02	ENDOCRINE THERAPY
J04	ANTIMYCOBACTERIALS
P01	ANTIPROTOZOALS
N03	ANTIEPILEPTICS
J07	VACCINES
L04	IMMUNOSUPPRESSANTS
J06	IMMUNE SERA AND IMMUNOGLOBULINS
N02	ANALGESICS
R01	NASAL PREPARATIONS
N05	PSYCHOLEPTICS
P03	ECTOPARASITICIDES, INCL. SCABICIDES, INSECTICIDES AND REPELLENTS
N04	ANTI-PARKINSON DRUGS
P02	ANTHELMINTICS
R03	DRUGS FOR OBSTRUCTIVE AIRWAY DISEASES
N07	OTHER NERVOUS SYSTEM DRUGS
R02	THROAT PREPARATIONS
N06	PSYCHOANALEPTICS
R05	COUGH AND COLD PREPARATIONS
V01	ALLERGENS
V03	ALL OTHER THERAPEUTIC PRODUCTS
R07	OTHER RESPIRATORY SYSTEM PRODUCTS
R06	ANTIHISTAMINES FOR SYSTEMIC USE
V04	DIAGNOSTIC AGENTS
V06	GENERAL NUTRIENTS
V09	DIAGNOSTIC RADIOPHARMACEUTICALS
V08	CONTRAST MEDIA
D10	ANTI-ACNE PREPARATIONS
D11	OTHER DERMATOLOGICAL PREPARATIONS
V10	THERAPEUTIC RADIOPHARMACEUTICALS
