C08G	CALCIUM CHANNEL BLOCKERS AND DIURETICS
C08E	NON-SELECTIVE CALCIUM CHANNEL BLOCKERS
C08D	SELECTIVE CALCIUM CHANNEL BLOCKERS WITH DIRECT CARDIAC EFFECTS
D05B	ANTIPSORIATICS FOR SYSTEMIC USE
D05A	ANTIPSORIATICS FOR TOPICAL USE
C08C	SELECTIVE CALCIUM CHANNEL BLOCKERS WITH MAINLY VASCULAR EFFECTS
N07X	OTHER NERVOUS SYSTEM DRUGS
J04A	DRUGS FOR TREATMENT OF TUBERCULOSIS
P02C	ANTINEMATODAL AGENTS
P02B	ANTITREMATODALS
J04B	DRUGS FOR TREATMENT OF LEPRA
P02D	ANTICESTODALS
V10X	OTHER THERAPEUTIC RADIOPHARMACEUTICALS
A10X	OTHER DRUGS USED IN DIABETES
C09D	ANGIOTENSIN II RECEPTOR BLOCKERS (ARBs), COMBINATIONS
D06B	CHEMOTHERAPEUTICS FOR TOPICAL USE
C09C	ANGIOTENSIN II RECEPTOR BLOCKERS (ARBs), PLAIN
N07A	PARASYMPATHOMIMETICS
D06A	ANTIBIOTICS FOR TOPICAL USE
C09B	ACE INHIBITORS, COMBINATIONS
N07B	DRUGS USED IN ADDICTIVE DISORDERS
C09A	ACE INHIBITORS, PLAIN
N07C	ANTIVERTIGO PREPARATIONS
P01B	ANTIMALARIALS
P01A	AGENTS AGAINST AMOEBIASIS AND OTHER PROTOZOAL DISEASES
P01C	AGENTS AGAINST LEISHMANIASIS AND TRYPANOSOMIASIS
A10B	BLOOD GLUCOSE LOWERING DRUGS, EXCL. INSULINS
A10A	INSULINS AND ANALOGUES
A12A	CALCIUM
D07C	CORTICOSTEROIDS, COMBINATIONS WITH ANTIBIOTICS
D07B	CORTICOSTEROIDS, COMBINATIONS WITH ANTISEPTICS
D07A	CORTICOSTEROIDS, PLAIN
J06B	IMMUNOGLOBULINS
C09X	OTHER AGENTS ACTING ON THE RENIN-ANGIOTENSIN SYSTEM
J06A	IMMUNE SERA
A11G	ASCORBIC ACID (VITAMIN C), INCL. COMBINATIONS
A11H	OTHER PLAIN VITAMIN PREPARATIONS
A11C	VITAMIN A AND D, INCL. COMBINATIONS OF THE TWO
A11D	VITAMIN B1, PLAIN AND IN COMBINATION WITH VITAMIN B6 AND B12
A11A	MULTIVITAMINS, COMBINATIONS
A01A	STOMATOLOGICAL PREPARATIONS
D08A	ANTISEPTICS AND DISINFECTANTS
P03B	INSECTICIDES AND REPELLENTS
P03A	ECTOPARASITICIDES, INCL. SCABICIDES
V01A	ALLERGENS
J05A	DIRECT ACTING ANTIVIRALS
D07X	CORTICOSTEROIDS, OTHER COMBINATIONS
A12B	POTASSIUM
A12C	OTHER MINERAL SUPPLEMENTS
A02A	ANTACIDS
A02B	DRUGS FOR PEPTIC ULCER AND GASTRO-OESOPHAGEAL REFLUX DISEASE (GORD)
A14A	ANABOLIC STEROIDS
L01X	OTHER ANTINEOPLASTIC AGENTS
D09A	MEDICATED DRESSINGS
V04C	OTHER DIAGNOSTIC AGENTS
L02A	HORMONES AND RELATED AGENTS
L02B	HORMONE ANTAGONISTS AND RELATED AGENTS
G01A	ANTIINFECTIVES AND ANTISEPTICS, EXCL. COMBINATIONS WITH CORTICOSTEROIDS
A03B	BELLADONNA AND DERIVATIVES, PLAIN
A03C	ANTISPASMODICS IN COMBINATION WITH PSYCHOLEPTICS
A03A	DRUGS FOR FUNCTIONAL GASTROINTESTINAL DISORDERS
V03A	ALL OTHER THERAPEUTIC PRODUCTS
J07A	BACTERIAL VACCINES
J07B	VIRAL VACCINES
L01D	CYTOTOXIC ANTIBIOTICS AND RELATED SUBSTANCES
L01C	PLANT ALKALOIDS AND OTHER NATURAL PRODUCTS
L01B	ANTIMETABOLITES
L01A	ALKYLATING AGENTS
B01A	ANTITHROMBOTIC AGENTS
C10A	LIPID MODIFYING AGENTS, PLAIN
A04A	ANTIEMETICS AND ANTINAUSEANTS
A16A	OTHER ALIMENTARY TRACT AND METABOLISM PRODUCTS
R02A	THROAT PREPARATIONS
V06D	OTHER NUTRIENTS
M01A	ANTIINFLAMMATORY AND ANTIRHEUMATIC PRODUCTS, NON-STEROIDS
L04A	IMMUNOSUPPRESSANTS
G03A	HORMONAL CONTRACEPTIVES FOR SYSTEMIC USE
M01C	SPECIFIC ANTIRHEUMATIC AGENTS
M01B	ANTIINFLAMMATORY/ANTIRHEUMATIC AGENTS IN COMBINATION
G03C	ESTROGENS
G03B	ANDROGENS
G03E	ANDROGENS AND FEMALE SEX HORMONES IN COMBINATION
G03D	PROGESTOGENS
G03G	GONADOTROPINS AND OTHER OVULATION STIMULANTS
A03F	PROPULSIVES
G03F	PROGESTOGENS AND ESTROGENS IN COMBINATION
A03D	ANTISPASMODICS IN COMBINATION WITH ANALGESICS
G03H	ANTIANDROGENS
B02B	VITAMIN K AND OTHER HEMOSTATICS
A05B	LIVER THERAPY, LIPOTROPICS
B02A	ANTIFIBRINOLYTICS
A05A	BILE THERAPY
R01A	DECONGESTANTS AND OTHER NASAL PREPARATIONS FOR TOPICAL USE
R01B	NASAL DECONGESTANTS FOR SYSTEMIC USE
L03A	IMMUNOSTIMULANTS
G02B	CONTRACEPTIVES FOR TOPICAL USE
G02A	UTEROTONICS
G02C	OTHER GYNECOLOGICALS
C10B	LIPID MODIFYING AGENTS, COMBINATIONS
V08D	ULTRASOUND CONTRAST MEDIA
B03A	IRON PREPARATIONS
V08C	MAGNETIC RESONANCE IMAGING CONTRAST MEDIA
B03B	VITAMIN B12 AND FOLIC ACID
V08B	X-RAY CONTRAST MEDIA, NON-IODINATED
V08A	X-RAY CONTRAST MEDIA, IODINATED
A06A	DRUGS FOR CONSTIPATION
S01B	ANTIINFLAMMATORY AGENTS
S01C	ANTIINFLAMMATORY AGENTS AND ANTIINFECTIVES IN COMBINATION
S01A	ANTIINFECTIVES
S01J	DIAGNOSTIC AGENTS
M03C	MUSCLE RELAXANTS, DIRECTLY ACTING AGENTS
M03B	MUSCLE RELAXANTS, CENTRALLY ACTING AGENTS
S01K	SURGICAL AIDS
M03A	MUSCLE RELAXANTS, PERIPHERALLY ACTING AGENTS
S01H	LOCAL ANESTHETICS
S01F	MYDRIATICS AND CYCLOPLEGICS
S01G	DECONGESTANTS AND ANTIALLERGICS
H02A	CORTICOSTEROIDS FOR SYSTEMIC USE, PLAIN
S01E	ANTIGLAUCOMA PREPARATIONS AND MIOTICS
H02C	ANTIADRENAL PREPARATIONS
H02B	CORTICOSTEROIDS FOR SYSTEMIC USE, COMBINATIONS
S01L	OCULAR VASCULAR DISORDER AGENTS
C01C	CARDIAC STIMULANTS EXCL. CARDIAC GLYCOSIDES
D10B	ANTI-ACNE PREPARATIONS FOR SYSTEMIC USE
D10A	ANTI-ACNE PREPARATIONS FOR TOPICAL USE
C01B	ANTIARRHYTHMICS, CLASS I AND III
A07D	ANTIPROPULSIVES
C01A	CARDIAC GLYCOSIDES
A07E	INTESTINAL ANTIINFLAMMATORY AGENTS
A07B	INTESTINAL ADSORBENTS
A07A	INTESTINAL ANTIINFECTIVES
R03C	ADRENERGICS FOR SYSTEMIC USE
R03D	OTHER SYSTEMIC DRUGS FOR OBSTRUCTIVE AIRWAY DISEASES
R03A	ADRENERGICS, INHALANTS
R03B	OTHER DRUGS FOR OBSTRUCTIVE AIRWAY DISEASES, INHALANTS
B03X	OTHER ANTIANEMIC PREPARATIONS
G03X	OTHER SEX HORMONES AND MODULATORS OF THE GENITAL SYSTEM
M02A	TOPICAL PRODUCTS FOR JOINT AND MUSCULAR PAIN
G04B	UROLOGICALS
H01B	POSTERIOR PITUITARY LOBE HORMONES
H01A	ANTERIOR PITUITARY LOBE HORMONES AND ANALOGUES
G04C	DRUGS USED IN BENIGN PROSTATIC HYPERTROPHY
H01C	HYPOTHALAMIC HORMONES
C02D	ARTERIOLAR SMOOTH MUSCLE, AGENTS ACTING ON
C02C	ANTIADRENERGIC AGENTS, PERIPHERALLY ACTING
B05C	IRRIGATING SOLUTIONS
D11A	OTHER DERMATOLOGICAL PREPARATIONS
C02B	ANTIADRENERGIC AGENTS, GANGLION-BLOCKING
C02A	ANTIADRENERGIC AGENTS, CENTRALLY ACTING
B05A	BLOOD AND RELATED PRODUCTS
B05B	I.V. SOLUTIONS
A08A	ANTIOBESITY PREPARATIONS, EXCL. DIET PRODUCTS
S03B	CORTICOSTEROIDS
S03C	CORTICOSTEROIDS AND ANTIINFECTIVES IN COMBINATION
S03A	ANTIINFECTIVES
A07X	OTHER ANTIDIARRHEALS
R06A	ANTIHISTAMINES FOR SYSTEMIC USE
M05B	DRUGS AFFECTING BONE STRUCTURE AND MINERALIZATION
H04A	GLYCOGENOLYTIC HORMONES
N02A	OPIOIDS
N02B	OTHER ANALGESICS AND ANTIPYRETICS
N02C	ANTIMIGRAINE PREPARATIONS
C01E	OTHER CARDIAC PREPARATIONS
C01D	VASODILATORS USED IN CARDIAC DISEASES
C03E	DIURETICS AND POTASSIUM-SPARING AGENTS IN COMBINATION
V09F	THYROID
C03D	POTASSIUM-SPARING AGENTS
V09E	RESPIRATORY SYSTEM
S01X	OTHER OPHTHALMOLOGICALS
C03C	HIGH-CEILING DIURETICS
V09D	HEPATIC AND RETICULO ENDOTHELIAL SYSTEM
C03B	LOW-CEILING DIURETICS, EXCL. THIAZIDES
V09C	RENAL SYSTEM
C03A	LOW-CEILING DIURETICS, THIAZIDES
V09B	SKELETON
V09A	CENTRAL NERVOUS SYSTEM
B06A	OTHER HEMATOLOGICAL AGENTS
S02C	CORTICOSTEROIDS AND ANTIINFECTIVES IN COMBINATION
A09A	DIGESTIVES, INCL. ENZYMES
S02D	OTHER OTOLOGICALS
R05C	EXPECTORANTS, EXCL. COMBINATIONS WITH COUGH SUPPRESSANTS
S02A	ANTIINFECTIVES
R05D	COUGH SUPPRESSANTS, EXCL. COMBINATIONS WITH EXPECTORANTS
S02B	CORTICOSTEROIDS
V09I	TUMOUR DETECTION
V09H	INFLAMMATION AND INFECTION DETECTION
B05X	I.V. SOLUTION ADDITIVES
V09G	CARDIOVASCULAR SYSTEM
M04A	ANTIGOUT PREPARATIONS
N01A	ANESTHETICS, GENERAL
H03B	ANTITHYROID PREPARATIONS
H03A	THYROID PREPARATIONS
N01B	ANESTHETICS, LOCAL
C02L	ANTIHYPERTENSIVES AND DIURETICS IN COMBINATION
C02K	OTHER ANTIHYPERTENSIVES
V09X	OTHER DIAGNOSTIC RADIOPHARMACEUTICALS
D01B	ANTIFUNGALS FOR SYSTEMIC USE
D01A	ANTIFUNGALS FOR TOPICAL USE
C04A	PERIPHERAL VASODILATORS
N04A	ANTICHOLINERGIC AGENTS
C03X	OTHER DIURETICS
N04B	DOPAMINERGIC AGENTS
D02B	PROTECTIVES AGAINST UV-RADIATION
C05C	CAPILLARY STABILIZING AGENTS
D02A	EMOLLIENTS AND PROTECTIVES
C05B	ANTIVARICOSE THERAPY
C05A	AGENTS FOR TREATMENT OF HEMORRHOIDS AND ANAL FISSURES FOR TOPICAL USE
R07A	OTHER RESPIRATORY SYSTEM PRODUCTS
H05B	ANTI-PARATHYROID AGENTS
N03A	ANTIEPILEPTICS
H05A	PARATHYROID HORMONES AND ANALOGUES
J01M	QUINOLONE ANTIBACTERIALS
D03B	ENZYMES
D03A	CICATRIZANTS
J01R	COMBINATIONS OF ANTIBACTERIALS
M09A	OTHER DRUGS FOR DISORDERS OF THE MUSCULO-SKELETAL SYSTEM
N06A	ANTIDEPRESSANTS
N06B	PSYCHOSTIMULANTS, AGENTS USED FOR ADHD AND NOOTROPICS
V10B	PAIN PALLIATION (BONE SEEKING AGENTS)
N06C	PSYCHOLEPTICS AND PSYCHOANALEPTICS IN COMBINATION
V10A	ANTIINFLAMMATORY AGENTS
J01X	OTHER ANTIBACTERIALS
N06D	ANTI-DEMENTIA DRUGS
J02A	ANTIMYCOTICS FOR SYSTEMIC USE
C07F	BETA BLOCKING AGENTS, OTHER COMBINATIONS
C07D	BETA BLOCKING AGENTS, THIAZIDES AND OTHER DIURETICS
C07C	BETA BLOCKING AGENTS AND OTHER DIURETICS
D04A	ANTIPRURITICS, INCL. ANTIHISTAMINES, ANESTHETICS, ETC.
C07B	BETA BLOCKING AGENTS AND THIAZIDES
C07A	BETA BLOCKING AGENTS
N05A	ANTIPSYCHOTICS
N05B	ANXIOLYTICS
N05C	HYPNOTICS AND SEDATIVES
J01A	TETRACYCLINES
J01B	AMPHENICOLS
J01E	SULFONAMIDES AND TRIMETHOPRIM
J01F	MACROLIDES, LINCOSAMIDES AND STREPTOGRAMINS
J01C	BETA-LACTAM ANTIBACTERIALS, PENICILLINS
J01D	OTHER BETA-LACTAM ANTIBACTERIALS
J01G	AMINOGLYCOSIDE ANTIBACTERIALS
